// Jest Snapshot v1, https://goo.gl/fbAQLP

exports[`<Loading /> renders <Loading /> component 1`] = `
<div
  class="loading__Spinner-sc-11yhc25-0 hFikMh"
  data-testid="loading"
>
  <img
    class="loading__Picture-sc-11yhc25-1 gVjLHo"
    data-testid="loading-picture"
    src="/images/users/images/karl.png.png"
  />
</div>
`;

exports[`<Loading /> renders the <Loading.ReleaseBody /> 1`] = `null`;
